BL51 BANKED LINKER/LOCATER V5.11                                                        11/28/2010  23:05:35  PAGE 1


BL51 BANKED LINKER/LOCATER V5.11, INVOKED BY:
D:\PROGRAM FILES\SEEDCLASS\KEIL\C51\BIN\BL51.EXE STARTUP.obj, .\led_matrix.obj, .\painter.obj, .\time_manager.obj, .\com
>> mon_def.obj, .\graphics_driver.obj, .\keyboard_driver.obj, .\serial_driver.obj TO testMain RAMSIZE (256)


MEMORY MODEL: SMALL


INPUT MODULES INCLUDED:
  STARTUP.obj (?C_STARTUP)
  .\led_matrix.obj (LED_MATRIX)
  .\painter.obj (PAINTER)
  .\time_manager.obj (TIME_MANAGER)
  .\common_def.obj (COMMON_DEF)
  .\graphics_driver.obj (GRAPHICS_DRIVER)
  .\keyboard_driver.obj (KEYBOARD_DRIVER)
  .\serial_driver.obj (SERIAL_DRIVER)
  D:\PROGRAM FILES\SEEDCLASS\KEIL\C51\LIB\C51S.LIB (?C_INIT)
  D:\PROGRAM FILES\SEEDCLASS\KEIL\C51\LIB\C51S.LIB (?C?COPY)
  D:\PROGRAM FILES\SEEDCLASS\KEIL\C51\LIB\C51S.LIB (?C?CLDPTR)
  D:\PROGRAM FILES\SEEDCLASS\KEIL\C51\LIB\C51S.LIB (?C?CLDOPTR)
  D:\PROGRAM FILES\SEEDCLASS\KEIL\C51\LIB\C51S.LIB (?C?CILDPTR)
  D:\PROGRAM FILES\SEEDCLASS\KEIL\C51\LIB\C51S.LIB (?C?CILDOPTR)
  D:\PROGRAM FILES\SEEDCLASS\KEIL\C51\LIB\C51S.LIB (?C?CSTPTR)
  D:\PROGRAM FILES\SEEDCLASS\KEIL\C51\LIB\C51S.LIB (?C?CSTOPTR)


LINK MAP OF MODULE:  testMain (?C_STARTUP)


            TYPE    BASE      LENGTH    RELOCATION   SEGMENT NAME
            -----------------------------------------------------

            * * * * * * *   D A T A   M E M O R Y   * * * * * * *
            REG     0000H     0008H     ABSOLUTE     "REG BANK 0"
            DATA    0008H     000EH     UNIT         ?DT?LED_MATRIX
            DATA    0016H     0009H     UNIT         ?DT?_PAINTERDRAWLINE?PAINTER
                    001FH     0001H                  *** GAP ***
            BIT     0020H.0   0000H.5   UNIT         ?BI?KEYBOARD_DRIVER
            BIT     0020H.5   0000H.3   UNIT         ?BI?LED_MATRIX
            BIT     0021H.0   0000H.2   UNIT         _BIT_GROUP_
                    0021H.2   0000H.6                *** GAP ***
            DATA    0022H     001FH     UNIT         _DATA_GROUP_
            DATA    0041H     0007H     UNIT         ?DT?_PAINTERDRAWRECT?PAINTER
            DATA    0048H     0007H     UNIT         ?DT?TIME_MANAGER
            DATA    004FH     0006H     UNIT         ?DT?KEYBOARD_DRIVER
            DATA    0055H     0005H     UNIT         ?DT?_PAINTERDRAWPOINT?PAINTER
            DATA    005AH     0004H     UNIT         ?DT?_PAINTERDRAWCURSOR?PAINTER
            DATA    005EH     0004H     UNIT         ?DT?PAINTER
            DATA    0062H     0002H     UNIT         ?DT?GRAPHICS_DRIVER
            DATA    0064H     0002H     UNIT         ?DT?SERIAL_DRIVER
            IDATA   0066H     0080H     UNIT         ?ID?LED_MATRIX
            IDATA   00E6H     0003H     UNIT         ?ID?TIME_MANAGER
            IDATA   00E9H     0003H     UNIT         ?ID?GRAPHICS_DRIVER
            IDATA   00ECH     0003H     UNIT         ?ID?SERIAL_DRIVER
            IDATA   00EFH     0001H     UNIT         ?STACK

            * * * * * * *   C O D E   M E M O R Y   * * * * * * *
BL51 BANKED LINKER/LOCATER V5.11                                                      11/28/2010  23:05:35  PAGE 2


            CODE    0000H     0003H     ABSOLUTE     
            CODE    0003H     0003H     ABSOLUTE     
            CODE    0006H     0001H     UNIT         ?PR?BLINK?LED_MATRIX
            CODE    0007H     0001H     UNIT         ?PR?PAINTERCLEARSCREEN?PAINTER
                    0008H     0003H                  *** GAP ***
            CODE    000BH     0003H     ABSOLUTE     
            CODE    000EH     0015H     UNIT         ?PR?TMI_REFRESH?TIME_MANAGER
            CODE    0023H     0003H     ABSOLUTE     
            CODE    0026H     01C5H     UNIT         ?C?LIB_CODE
            CODE    01EBH     00B0H     UNIT         ?CO?PAINTER
            CODE    029BH     008CH     UNIT         ?C_C51STARTUP
            CODE    0327H     007EH     UNIT         ?PR?_PAINTERDRAWNUMBER?PAINTER
            CODE    03A5H     006EH     UNIT         ?PR?_KEYEVENT?LED_MATRIX
            CODE    0413H     006EH     UNIT         ?PR?_PAINTERDRAWPOINT?PAINTER
            CODE    0481H     005FH     UNIT         ?PR?ONTIMER?LED_MATRIX
            CODE    04E0H     005DH     UNIT         ?PR?_TMI_GETREMAINTIME?TIME_MANAGER
            CODE    053DH     005AH     UNIT         ?PR?ADDCURUNITTIME?LED_MATRIX
            CODE    0597H     0058H     UNIT         ?PR?_TMI_GETCURRENTTIME?TIME_MANAGER
            CODE    05EFH     0058H     UNIT         ?PR?_GDI_BYTEMAPPING?GRAPHICS_DRIVER
            CODE    0647H     0052H     UNIT         ?PR?_PAINTERDRAWLINE?PAINTER
            CODE    0699H     004CH     UNIT         ?PR?UPDATETIME?LED_MATRIX
            CODE    06E5H     004CH     UNIT         ?PR?CHECKSTATE?KEYBOARD_DRIVER
            CODE    0731H     004BH     UNIT         ?PR?SERIALRECV?SERIAL_DRIVER
            CODE    077CH     0044H     UNIT         ?PR?_PAINTERDRAWSTRING?PAINTER
            CODE    07C0H     0043H     UNIT         ?PR?INITMAIN?LED_MATRIX
            CODE    0803H     003EH     UNIT         ?PR?_SERIALINIT?SERIAL_DRIVER
            CODE    0841H     003BH     UNIT         ?PR?GETKEYSTATE?KEYBOARD_DRIVER
            CODE    087CH     003AH     UNIT         ?PR?_SERIALWRITE?SERIAL_DRIVER
            CODE    08B6H     0032H     UNIT         ?PR?JUDGECHANGE?KEYBOARD_DRIVER
            CODE    08E8H     0030H     UNIT         ?PR?_PAINTERDRAWCURSOR?PAINTER
            CODE    0918H     0030H     UNIT         ?PR?GDI_DISFORMAT?GRAPHICS_DRIVER
            CODE    0948H     002FH     UNIT         ?PR?UPDATECOM?LED_MATRIX
            CODE    0977H     002EH     UNIT         ?PR?JUDGENOCHANGE?KEYBOARD_DRIVER
            CODE    09A5H     002DH     UNIT         ?PR?_KDI_GETCURRENTKEY?KEYBOARD_DRIVER
            CODE    09D2H     002AH     UNIT         ?PR?_MODESTATE?LED_MATRIX
            CODE    09FCH     002AH     UNIT         ?PR?MAIN?LED_MATRIX
            CODE    0A26H     0029H     UNIT         ?PR?_SETCURRENTLINE?GRAPHICS_DRIVER
            CODE    0A4FH     0026H     UNIT         ?PR?GDI_REFRESH?GRAPHICS_DRIVER
            CODE    0A75H     0021H     UNIT         ?PR?_PAINTERDRAWRECT?PAINTER
            CODE    0A96H     0020H     UNIT         ?PR?UPDATEDATA?LED_MATRIX
            CODE    0AB6H     001FH     UNIT         ?PR?EXTINT0?LED_MATRIX
            CODE    0AD5H     001FH     UNIT         ?PR?_TMI_INIT?TIME_MANAGER
            CODE    0AF4H     0019H     UNIT         ?PR?_LINEREFRESH?GRAPHICS_DRIVER
            CODE    0B0DH     0018H     UNIT         ?PR?INITGLOBAL?LED_MATRIX
            CODE    0B25H     0018H     UNIT         ?PR?INITGRAPHMEM?LED_MATRIX
            CODE    0B3DH     0018H     UNIT         ?PR?SWITCHTIMEUNIT?LED_MATRIX
            CODE    0B55H     0018H     UNIT         ?PR?_GDI_INIT?GRAPHICS_DRIVER
            CODE    0B6DH     0016H     UNIT         ?PR?KDI_INIT?KEYBOARD_DRIVER
            CODE    0B83H     0012H     UNIT         ?PR?_SERIALREAD?SERIAL_DRIVER
            CODE    0B95H     0010H     UNIT         ?C_INITSEG
            CODE    0BA5H     0010H     UNIT         ?PR?_SLEEP?COMMON_DEF
            CODE    0BB5H     000FH     UNIT         ?PR?KDI_SCAN?KEYBOARD_DRIVER
            CODE    0BC4H     000AH     UNIT         ?PR?INITTIMER?LED_MATRIX
            CODE    0BCEH     0009H     UNIT         ?PR?_PAINTERINIT?PAINTER
            CODE    0BD7H     0008H     UNIT         ?CO?GRAPHICS_DRIVER
            CODE    0BDFH     0007H     UNIT         ?PR?INITINTE?LED_MATRIX
            CODE    0BE6H     0007H     UNIT         ?PR?UPDATEPAINT?LED_MATRIX
BL51 BANKED LINKER/LOCATER V5.11                                                      11/28/2010  23:05:35  PAGE 3





OVERLAY MAP OF MODULE:   testMain (?C_STARTUP)


SEGMENT                                           BIT_GROUP          DATA_GROUP 
  +--> CALLED SEGMENT                          START    LENGTH     START    LENGTH
----------------------------------------------------------------------------------
?C_C51STARTUP                                  -----    -----      -----    -----
  +--> ?PR?MAIN?LED_MATRIX
  +--> ?C_INITSEG

?PR?MAIN?LED_MATRIX                            -----    -----      0022H    0002H
  +--> ?PR?INITMAIN?LED_MATRIX
  +--> ?PR?_KDI_GETCURRENTKEY?KEYBOARD_DRIVER
  +--> ?PR?_KEYEVENT?LED_MATRIX
  +--> ?PR?UPDATEDATA?LED_MATRIX

?PR?INITMAIN?LED_MATRIX                        -----    -----      -----    -----
  +--> ?PR?INITGLOBAL?LED_MATRIX
  +--> ?PR?INITTIMER?LED_MATRIX
  +--> ?PR?INITINTE?LED_MATRIX
  +--> ?PR?INITGRAPHMEM?LED_MATRIX
  +--> ?PR?KDI_INIT?KEYBOARD_DRIVER
  +--> ?PR?_GDI_INIT?GRAPHICS_DRIVER
  +--> ?PR?_PAINTERINIT?PAINTER
  +--> ?PR?_TMI_INIT?TIME_MANAGER

?PR?_GDI_INIT?GRAPHICS_DRIVER                  -----    -----      -----    -----
  +--> ?PR?_SERIALINIT?SERIAL_DRIVER

?PR?_SERIALINIT?SERIAL_DRIVER                  0021H.0  0000H.1    -----    -----

?PR?_TMI_INIT?TIME_MANAGER                     -----    -----      0024H    000AH

?PR?_KDI_GETCURRENTKEY?KEYBOARD_DRIVER         -----    -----      0024H    0008H
  +--> ?PR?GETKEYSTATE?KEYBOARD_DRIVER

?PR?GETKEYSTATE?KEYBOARD_DRIVER                -----    -----      002CH    0002H

?PR?_KEYEVENT?LED_MATRIX                       -----    -----      0024H    0001H
  +--> ?PR?ADDCURUNITTIME?LED_MATRIX
  +--> ?PR?SWITCHTIMEUNIT?LED_MATRIX

?PR?ADDCURUNITTIME?LED_MATRIX                  0021H.0  0000H.1    -----    -----

?PR?SWITCHTIMEUNIT?LED_MATRIX                  0021H.0  0000H.1    -----    -----

?PR?UPDATEDATA?LED_MATRIX                      -----    -----      -----    -----
  +--> ?PR?UPDATEPAINT?LED_MATRIX
  +--> ?PR?UPDATETIME?LED_MATRIX
  +--> ?PR?UPDATECOM?LED_MATRIX
  +--> ?PR?GDI_DISFORMAT?GRAPHICS_DRIVER

?PR?UPDATETIME?LED_MATRIX                      -----    -----      0024H    0008H
  +--> ?PR?_PAINTERDRAWSTRING?PAINTER
BL51 BANKED LINKER/LOCATER V5.11                                                      11/28/2010  23:05:35  PAGE 4



?PR?_PAINTERDRAWSTRING?PAINTER                 -----    -----      002CH    000AH
  +--> ?PR?_PAINTERDRAWNUMBER?PAINTER

?PR?_PAINTERDRAWNUMBER?PAINTER                 -----    -----      0036H    0007H
  +--> ?CO?PAINTER

?PR?UPDATECOM?LED_MATRIX                       -----    -----      -----    -----
  +--> ?PR?_SERIALINIT?SERIAL_DRIVER
  +--> ?PR?_SERIALREAD?SERIAL_DRIVER

?PR?GDI_DISFORMAT?GRAPHICS_DRIVER              -----    -----      0024H    0002H
  +--> ?PR?_GDI_BYTEMAPPING?GRAPHICS_DRIVER

?PR?_GDI_BYTEMAPPING?GRAPHICS_DRIVER           -----    -----      0026H    000EH
  +--> ?CO?GRAPHICS_DRIVER

*** NEW ROOT ***************************************************

?PR?ONTIMER?LED_MATRIX                         -----    -----      -----    -----
  +--> ?PR?GDI_REFRESH?GRAPHICS_DRIVER
  +--> ?PR?KDI_SCAN?KEYBOARD_DRIVER
  +--> ?PR?TMI_REFRESH?TIME_MANAGER
  +--> ?PR?BLINK?LED_MATRIX

?PR?GDI_REFRESH?GRAPHICS_DRIVER                -----    -----      -----    -----
  +--> ?PR?_LINEREFRESH?GRAPHICS_DRIVER

?PR?_LINEREFRESH?GRAPHICS_DRIVER               -----    -----      003DH    0001H
  +--> ?PR?_SERIALWRITE?SERIAL_DRIVER
  +--> ?PR?_SETCURRENTLINE?GRAPHICS_DRIVER

?PR?_SERIALWRITE?SERIAL_DRIVER                 -----    -----      003EH    0003H

?PR?KDI_SCAN?KEYBOARD_DRIVER                   -----    -----      -----    -----
  +--> ?PR?CHECKSTATE?KEYBOARD_DRIVER
  +--> ?PR?JUDGENOCHANGE?KEYBOARD_DRIVER
  +--> ?PR?JUDGECHANGE?KEYBOARD_DRIVER

?PR?JUDGECHANGE?KEYBOARD_DRIVER                0021H.1  0000H.1    -----    -----

?PR?TMI_REFRESH?TIME_MANAGER                   -----    -----      -----    -----
  +--> ?PR?_TMI_GETCURRENTTIME?TIME_MANAGER
  +--> ?PR?_TMI_GETREMAINTIME?TIME_MANAGER

?PR?_TMI_GETCURRENTTIME?TIME_MANAGER           -----    -----      -----    -----
  +--> ?PR?_SLEEP?COMMON_DEF

?PR?_TMI_GETREMAINTIME?TIME_MANAGER            -----    -----      003DH    0003H
  +--> ?PR?_SLEEP?COMMON_DEF

*** NEW ROOT ***************************************************

?PR?EXTINT0?LED_MATRIX                         -----    -----      -----    -----
  +--> ?PR?_MODESTATE?LED_MATRIX


BL51 BANKED LINKER/LOCATER V5.11                                                      11/28/2010  23:05:35  PAGE 5



SYMBOL TABLE OF MODULE:  testMain (?C_STARTUP)

  VALUE           TYPE          NAME
  ----------------------------------

  -------         MODULE        ?C_STARTUP
  C:029BH         SEGMENT       ?C_C51STARTUP
  I:00EFH         SEGMENT       ?STACK
  C:0000H         PUBLIC        ?C_STARTUP
  D:00E0H         SYMBOL        ACC
  D:00F0H         SYMBOL        B
  D:0083H         SYMBOL        DPH
  D:0082H         SYMBOL        DPL
  N:0000H         SYMBOL        IBPSTACK
  N:0100H         SYMBOL        IBPSTACKTOP
  N:0080H         SYMBOL        IDATALEN
  C:029EH         SYMBOL        IDATALOOP
  N:0000H         SYMBOL        PBPSTACK
  N:0000H         SYMBOL        PBPSTACKTOP
  N:0000H         SYMBOL        PDATALEN
  N:0000H         SYMBOL        PDATASTART
  N:0000H         SYMBOL        PPAGE
  N:0000H         SYMBOL        PPAGEENABLE
  D:00A0H         SYMBOL        PPAGE_SFR
  D:0081H         SYMBOL        SP
  C:029BH         SYMBOL        STARTUP1
  N:0000H         SYMBOL        XBPSTACK
  N:0000H         SYMBOL        XBPSTACKTOP
  N:0000H         SYMBOL        XDATALEN
  N:0000H         SYMBOL        XDATASTART
  C:0000H         LINE#         92
  C:029BH         LINE#         99
  C:029DH         LINE#         100
  C:029EH         LINE#         101
  C:029FH         LINE#         102
  C:02A1H         LINE#         151
  C:02A4H         LINE#         155
  -------         ENDMOD        ?C_STARTUP

  -------         MODULE        LED_MATRIX
  C:0000H         SYMBOL        _ICE_DUMMY_
  D:0090H         PUBLIC        P1
  D:00B0H         PUBLIC        P3
  B:0020H.5       PUBLIC        needUpdate
  B:00A8H.7       PUBLIC        EA
  B:0090H.3       PUBLIC        LED1
  C:0948H         PUBLIC        UpdateCom
  B:0090H.2       PUBLIC        LED2
  B:0090H.1       PUBLIC        LED3
  D:00A8H         PUBLIC        IE
  D:000CH         PUBLIC        blinkBottomRight
  C:03A5H         PUBLIC        _KeyEvent
  C:0AB6H         PUBLIC        ExtInt0
  D:000DH         PUBLIC        currentMode
  I:0066H         PUBLIC        graphData
  D:00B8H         PUBLIC        IP
BL51 BANKED LINKER/LOCATER V5.11                                                      11/28/2010  23:05:35  PAGE 6


  C:0BC4H         PUBLIC        InitTimer
  C:07C0H         PUBLIC        InitMain
  D:000EH         PUBLIC        cursor
  B:0020H.6       PUBLIC        isEditing
  C:09FCH         PUBLIC        main
  C:0BDFH         PUBLIC        InitInte
  C:0B3DH         PUBLIC        SwitchTimeUnit
  C:0B25H         PUBLIC        InitGraphMem
  D:0098H         PUBLIC        SCON
  D:0089H         PUBLIC        TMOD
  D:0088H         PUBLIC        TCON
  D:000FH         PUBLIC        firstPoint
  C:0481H         PUBLIC        OnTimer
  B:00A8H.1       PUBLIC        ET0
  D:0010H         PUBLIC        preCursor
  D:008CH         PUBLIC        TH0
  B:00A8H.0       PUBLIC        EX0
  D:008AH         PUBLIC        TL0
  D:0011H         PUBLIC        blinkTopLeft
  C:0A96H         PUBLIC        UpdateData
  D:0012H         PUBLIC        g_CurrentTimeUnit
  C:0BE6H         PUBLIC        UpdatePaint
  D:00C8H         PUBLIC        T2CON
  C:053DH         PUBLIC        AddCurUnitTime
  C:09D2H         SYMBOL        _ModeState
  C:0B0DH         PUBLIC        InitGlobal
  C:0006H         PUBLIC        Blink
  C:0699H         PUBLIC        UpdateTime
  D:0013H         PUBLIC        editingTime
  D:00D0H         PUBLIC        PSW
  B:0020H.7       PUBLIC        drawingLine
  -------         PROC          INITGLOBAL
  C:0B0DH         LINE#         51
  C:0B0DH         LINE#         52
  C:0B0DH         LINE#         53
  C:0B10H         LINE#         54
  C:0B12H         LINE#         55
  C:0B14H         LINE#         56
  C:0B16H         LINE#         58
  C:0B18H         LINE#         59
  C:0B1AH         LINE#         60
  C:0B1CH         LINE#         63
  C:0B1EH         LINE#         64
  C:0B20H         LINE#         65
  C:0B22H         LINE#         67
  C:0B24H         LINE#         70
  -------         ENDPROC       INITGLOBAL
  -------         PROC          INITTIMER
  C:0BC4H         LINE#         74
  C:0BC4H         LINE#         75
  C:0BC4H         LINE#         76
  C:0BC7H         LINE#         77
  C:0BCAH         LINE#         78
  C:0BCDH         LINE#         81
  -------         ENDPROC       INITTIMER
  -------         PROC          INITINTE
  C:0BDFH         LINE#         83
BL51 BANKED LINKER/LOCATER V5.11                                                      11/28/2010  23:05:35  PAGE 7


  C:0BDFH         LINE#         84
  C:0BDFH         LINE#         85
  C:0BE1H         LINE#         86
  C:0BE3H         LINE#         87
  C:0BE5H         LINE#         90
  -------         ENDPROC       INITINTE
  -------         PROC          INITGRAPHMEM
  -------         DO            
  D:0006H         SYMBOL        x
  D:0007H         SYMBOL        y
  -------         ENDDO         
  C:0B25H         LINE#         97
  C:0B25H         LINE#         98
  C:0B25H         LINE#         101
  C:0B27H         LINE#         102
  C:0B27H         LINE#         103
  C:0B29H         LINE#         104
  C:0B29H         LINE#         105
  C:0B34H         LINE#         106
  C:0B38H         LINE#         107
  C:0B3CH         LINE#         112
  -------         ENDPROC       INITGRAPHMEM
  -------         PROC          INITMAIN
  C:07C0H         LINE#         115
  C:07C0H         LINE#         116
  C:07C0H         LINE#         118
  C:07C3H         LINE#         121
  C:07C6H         LINE#         124
  C:07C9H         LINE#         127
  C:07CCH         LINE#         130
  C:07CFH         LINE#         133
  C:07DAH         LINE#         136
  C:07E5H         LINE#         139
  C:0802H         LINE#         142
  -------         ENDPROC       INITMAIN
  -------         PROC          BLINK
  C:0006H         LINE#         144
  C:0006H         LINE#         145
  C:0006H         LINE#         146
  C:0006H         LINE#         147
  C:0006H         LINE#         148
  C:0006H         LINE#         150
  C:0006H         LINE#         151
  C:0006H         LINE#         152
  C:0006H         LINE#         154
  C:0006H         LINE#         155
  C:0006H         LINE#         157
  C:0006H         LINE#         158
  C:0006H         LINE#         161
  -------         ENDPROC       BLINK
  -------         PROC          ONTIMER
  -------         DO            
  D:0008H         SYMBOL        reTCount
  D:0009H         SYMBOL        ksTCount
  D:000AH         SYMBOL        tcTCount
  D:000BH         SYMBOL        efTCount
  -------         ENDDO         
BL51 BANKED LINKER/LOCATER V5.11                                                      11/28/2010  23:05:35  PAGE 8


  C:0481H         LINE#         169
  C:049EH         LINE#         176
  C:04A1H         LINE#         177
  C:04A1H         LINE#         178
  C:04A4H         LINE#         180
  C:04A7H         LINE#         181
  C:04A7H         LINE#         182
  C:04AAH         LINE#         183
  C:04AAH         LINE#         184
  C:04ADH         LINE#         186
  C:04B0H         LINE#         187
  C:04B0H         LINE#         188
  C:04B3H         LINE#         189
  C:04B3H         LINE#         190
  C:04B6H         LINE#         192
  C:04B9H         LINE#         193
  C:04B9H         LINE#         194
  C:04BCH         LINE#         195
  C:04BCH         LINE#         196
  C:04BFH         LINE#         199
  C:04C2H         LINE#         200
  C:04C2H         LINE#         202
  C:04C5H         LINE#         203
  C:04C5H         LINE#         204
  C:04C5H         LINE#         207
  -------         ENDPROC       ONTIMER
  -------         PROC          _MODESTATE
  D:0007H         SYMBOL        mode
  C:09D2H         LINE#         210
  C:09D2H         LINE#         211
  C:09D2H         LINE#         212
  C:09E0H         LINE#         213
  C:09E0H         LINE#         214
  C:09E0H         LINE#         215
  C:09E2H         LINE#         216
  C:09E4H         LINE#         217
  C:09E6H         LINE#         218
  C:09E7H         LINE#         219
  C:09E7H         LINE#         220
  C:09E9H         LINE#         221
  C:09EBH         LINE#         222
  C:09EDH         LINE#         223
  C:09EEH         LINE#         224
  C:09EEH         LINE#         225
  C:09F0H         LINE#         226
  C:09F2H         LINE#         227
  C:09F4H         LINE#         228
  C:09F5H         LINE#         229
  C:09F5H         LINE#         230
  C:09F7H         LINE#         231
  C:09F9H         LINE#         232
  C:09FBH         LINE#         233
  C:09FBH         LINE#         234
  C:09FBH         LINE#         235
  C:09FBH         LINE#         236
  C:09FBH         LINE#         238
  -------         ENDPROC       _MODESTATE
BL51 BANKED LINKER/LOCATER V5.11                                                      11/28/2010  23:05:35  PAGE 9


  -------         PROC          EXTINT0
  C:0AB6H         LINE#         241
  C:0ABFH         LINE#         244
  C:0AC6H         LINE#         245
  C:0AC6H         LINE#         246
  C:0AC9H         LINE#         247
  C:0AC9H         LINE#         248
  C:0ACEH         LINE#         251
  -------         ENDPROC       EXTINT0
  -------         PROC          SWITCHTIMEUNIT
  B:0021H.0       SYMBOL        goRight
  C:0B3DH         LINE#         256
  C:0B3DH         LINE#         257
  C:0B3DH         LINE#         258
  C:0B40H         LINE#         259
  C:0B40H         LINE#         260
  C:0B42H         LINE#         261
  C:0B47H         LINE#         262
  C:0B47H         LINE#         263
  C:0B4AH         LINE#         264
  C:0B4AH         LINE#         265
  C:0B4BH         LINE#         267
  C:0B4BH         LINE#         268
  C:0B4FH         LINE#         269
  C:0B4FH         LINE#         271
  C:0B52H         LINE#         272
  C:0B52H         LINE#         273
  C:0B54H         LINE#         274
  C:0B54H         LINE#         277
  -------         ENDPROC       SWITCHTIMEUNIT
  -------         PROC          ADDCURUNITTIME
  B:0021H.0       SYMBOL        incCurUnit
  C:053DH         LINE#         279
  C:053DH         LINE#         280
  C:053DH         LINE#         281
  C:0540H         LINE#         282
  C:0540H         LINE#         283
  C:054CH         LINE#         284
  C:054CH         LINE#         285
  C:054CH         LINE#         286
  C:054EH         LINE#         287
  C:0554H         LINE#         288
  C:0554H         LINE#         289
  C:0556H         LINE#         290
  C:0556H         LINE#         291
  C:0557H         LINE#         292
  C:0557H         LINE#         293
  C:0559H         LINE#         294
  C:055FH         LINE#         295
  C:055FH         LINE#         296
  C:0561H         LINE#         297
  C:0561H         LINE#         298
  C:0562H         LINE#         299
  C:0562H         LINE#         300
  C:0564H         LINE#         301
  C:056AH         LINE#         302
  C:056AH         LINE#         303
BL51 BANKED LINKER/LOCATER V5.11                                                      11/28/2010  23:05:35  PAGE 10


  C:056CH         LINE#         304
  C:056CH         LINE#         305
  C:056DH         LINE#         306
  C:056DH         LINE#         307
  C:056DH         LINE#         308
  C:056DH         LINE#         309
  C:056DH         LINE#         311
  C:056DH         LINE#         312
  C:0579H         LINE#         313
  C:0579H         LINE#         314
  C:0579H         LINE#         315
  C:057DH         LINE#         316
  C:057DH         LINE#         317
  C:0580H         LINE#         318
  C:0580H         LINE#         319
  C:0582H         LINE#         320
  C:0583H         LINE#         321
  C:0583H         LINE#         322
  C:0587H         LINE#         323
  C:0587H         LINE#         324
  C:058AH         LINE#         325
  C:058AH         LINE#         326
  C:058CH         LINE#         327
  C:058DH         LINE#         328
  C:058DH         LINE#         329
  C:0591H         LINE#         330
  C:0591H         LINE#         331
  C:0594H         LINE#         332
  C:0594H         LINE#         333
  C:0596H         LINE#         334
  C:0596H         LINE#         335
  C:0596H         LINE#         336
  C:0596H         LINE#         337
  C:0596H         LINE#         338
  C:0596H         LINE#         341
  -------         ENDPROC       ADDCURUNITTIME
  -------         PROC          _KEYEVENT
  D:0007H         SYMBOL        curKey
  D:0024H         SYMBOL        event
  C:03A5H         LINE#         346
  C:03A7H         LINE#         347
  C:03A7H         LINE#         348
  C:03D1H         LINE#         349
  C:03D1H         LINE#         350
  C:03D1H         LINE#         351
  C:03D4H         LINE#         352
  C:03D4H         LINE#         353
  C:03D6H         LINE#         354
  C:03D7H         LINE#         356
  C:03D7H         LINE#         358
  C:03D9H         LINE#         359
  C:03D9H         LINE#         360
  C:03DAH         LINE#         361
  C:03DAH         LINE#         362
  C:03DDH         LINE#         363
  C:03DDH         LINE#         365
  C:03DFH         LINE#         366
BL51 BANKED LINKER/LOCATER V5.11                                                      11/28/2010  23:05:35  PAGE 11


  C:03DFH         LINE#         367
  C:03E0H         LINE#         368
  C:03E0H         LINE#         369
  C:03E4H         LINE#         370
  C:03E4H         LINE#         371
  C:03E7H         LINE#         372
  C:03E7H         LINE#         373
  C:03E9H         LINE#         375
  C:03EAH         LINE#         377
  C:03EAH         LINE#         378
  C:03ECH         LINE#         379
  C:03ECH         LINE#         380
  C:03EDH         LINE#         382
  C:03EDH         LINE#         384
  C:03EFH         LINE#         385
  C:03EFH         LINE#         386
  C:03F0H         LINE#         387
  C:03F0H         LINE#         388
  C:03F4H         LINE#         389
  C:03F4H         LINE#         391
  C:03F6H         LINE#         392
  C:03F6H         LINE#         393
  C:03F8H         LINE#         394
  C:03F8H         LINE#         395
  C:03FCH         LINE#         396
  C:03FCH         LINE#         398
  C:0401H         LINE#         399
  C:0401H         LINE#         400
  C:0401H         LINE#         401
  C:0401H         LINE#         402
  C:0405H         LINE#         403
  C:0405H         LINE#         405
  C:0407H         LINE#         406
  C:0407H         LINE#         407
  C:0409H         LINE#         408
  C:0409H         LINE#         409
  C:040DH         LINE#         410
  C:040DH         LINE#         412
  C:0412H         LINE#         413
  C:0412H         LINE#         414
  C:0412H         LINE#         415
  C:0412H         LINE#         416
  C:0412H         LINE#         417
  C:0412H         LINE#         420
  -------         ENDPROC       _KEYEVENT
  -------         PROC          UPDATEPAINT
  C:0BE6H         LINE#         427
  C:0BE6H         LINE#         428
  C:0BE6H         LINE#         429
  C:0BE9H         LINE#         430
  C:0BE9H         LINE#         431
  C:0BE9H         LINE#         432
  C:0BE9H         LINE#         435
  C:0BE9H         LINE#         436
  C:0BE9H         LINE#         438
  C:0BE9H         LINE#         441
  C:0BECH         LINE#         442
BL51 BANKED LINKER/LOCATER V5.11                                                      11/28/2010  23:05:35  PAGE 12


  C:0BECH         LINE#         443
  C:0BECH         LINE#         446
  -------         ENDPROC       UPDATEPAINT
  -------         PROC          UPDATETIME
  -------         DO            
  D:0024H         SYMBOL        disArray
  -------         ENDDO         
  C:0699H         LINE#         453
  C:0699H         LINE#         454
  C:0699H         LINE#         458
  C:06A1H         LINE#         459
  C:06AAH         LINE#         460
  C:06ADH         LINE#         461
  C:06B5H         LINE#         462
  C:06BEH         LINE#         463
  C:06C1H         LINE#         464
  C:06C9H         LINE#         465
  C:06D2H         LINE#         468
  C:06E4H         LINE#         471
  -------         ENDPROC       UPDATETIME
  -------         PROC          UPDATECOM
  -------         DO            
  D:0007H         SYMBOL        length
  -------         ENDDO         
  C:0948H         LINE#         473
  C:0948H         LINE#         474
  C:0948H         LINE#         478
  C:0955H         LINE#         481
  C:0960H         LINE#         482
  C:0966H         LINE#         483
  C:0966H         LINE#         487
  C:0969H         LINE#         490
  C:0969H         LINE#         493
  C:0976H         LINE#         496
  -------         ENDPROC       UPDATECOM
  -------         PROC          UPDATEDATA
  C:0A96H         LINE#         502
  C:0A96H         LINE#         503
  C:0A96H         LINE#         504
  C:0AA5H         LINE#         505
  C:0AA5H         LINE#         506
  C:0AA5H         LINE#         508
  C:0AA8H         LINE#         509
  C:0AAAH         LINE#         510
  C:0AAAH         LINE#         511
  C:0AAAH         LINE#         513
  C:0AADH         LINE#         514
  C:0AAFH         LINE#         515
  C:0AAFH         LINE#         516
  C:0AB2H         LINE#         517
  C:0AB2H         LINE#         518
  C:0AB2H         LINE#         520
  C:0AB2H         LINE#         521
  C:0AB2H         LINE#         524
  C:0AB5H         LINE#         527
  -------         ENDPROC       UPDATEDATA
  -------         PROC          MAIN
BL51 BANKED LINKER/LOCATER V5.11                                                      11/28/2010  23:05:35  PAGE 13


  -------         DO            
  D:0022H         SYMBOL        ucCurrentKey
  D:0023H         SYMBOL        eKeyEvent
  -------         ENDDO         
  C:09FCH         LINE#         529
  C:09FCH         LINE#         530
  C:09FCH         LINE#         531
  C:09FFH         LINE#         532
  C:0A02H         LINE#         535
  C:0A05H         LINE#         537
  C:0A05H         LINE#         538
  C:0A05H         LINE#         540
  C:0A17H         LINE#         541
  C:0A1BH         LINE#         542
  C:0A1BH         LINE#         543
  C:0A21H         LINE#         544
  C:0A21H         LINE#         546
  C:0A24H         LINE#         547
  -------         ENDPROC       MAIN
  -------         ENDMOD        LED_MATRIX

  -------         MODULE        PAINTER
  C:0000H         SYMBOL        _ICE_DUMMY_
  D:0090H         PUBLIC        P1
  D:00B0H         PUBLIC        P3
  D:00A8H         PUBLIC        IE
  D:00B8H         PUBLIC        IP
  C:0007H         PUBLIC        PainterClearScreen
  D:0098H         PUBLIC        SCON
  D:0088H         PUBLIC        TCON
  C:0327H         PUBLIC        _PainterDrawNumber
  C:077CH         PUBLIC        _PainterDrawString
  C:08E8H         PUBLIC        _PainterDrawCursor
  D:005EH         SYMBOL        g_pGraphMem
  C:0BCEH         PUBLIC        _PainterInit
  C:0647H         PUBLIC        _PainterDrawLine
  C:0413H         PUBLIC        _PainterDrawPoint
  C:0A75H         PUBLIC        _PainterDrawRect
  C:01EBH         PUBLIC        timeNumLib16
  D:0061H         SYMBOL        g_dataWidth
  D:00C8H         PUBLIC        T2CON
  D:00D0H         PUBLIC        PSW
  -------         PROC          _PAINTERINIT
  D:0001H         SYMBOL        mem
  D:0005H         SYMBOL        width
  C:0BCEH         LINE#         23
  C:0BCEH         LINE#         24
  C:0BCEH         LINE#         25
  C:0BD4H         LINE#         26
  C:0BD6H         LINE#         27
  -------         ENDPROC       _PAINTERINIT
  -------         PROC          PAINTERCLEARSCREEN
  C:0007H         LINE#         30
  C:0007H         LINE#         31
  C:0007H         LINE#         33
  -------         ENDPROC       PAINTERCLEARSCREEN
  -------         PROC          _PAINTERDRAWPOINT
BL51 BANKED LINKER/LOCATER V5.11                                                      11/28/2010  23:05:35  PAGE 14


  D:0007H         SYMBOL        x
  D:0005H         SYMBOL        y
  D:0055H         SYMBOL        method
  -------         DO            
  D:0056H         SYMBOL        pcurChar
  D:0004H         SYMBOL        chCount
  D:0059H         SYMBOL        restBit
  -------         ENDDO         
  C:0413H         LINE#         36
  C:0415H         LINE#         37
  C:0415H         LINE#         38
  C:041EH         LINE#         39
  C:0425H         LINE#         40
  C:042AH         LINE#         43
  C:0449H         LINE#         45
  C:044DH         LINE#         46
  C:044DH         LINE#         47
  C:0463H         LINE#         48
  C:0465H         LINE#         50
  C:0465H         LINE#         51
  C:0480H         LINE#         52
  C:0480H         LINE#         53
  -------         ENDPROC       _PAINTERDRAWPOINT
  -------         PROC          _PAINTERDRAWRECT
  D:0041H         SYMBOL        x0
  D:0042H         SYMBOL        y0
  D:0003H         SYMBOL        x1
  D:0044H         SYMBOL        y1
  D:0045H         SYMBOL        method
  -------         DO            
  D:0046H         SYMBOL        x
  D:0047H         SYMBOL        y
  -------         ENDDO         
  C:0A75H         LINE#         56
  C:0A79H         LINE#         58
  C:0A79H         LINE#         59
  C:0A7EH         LINE#         62
  C:0A7EH         LINE#         64
  C:0A7EH         LINE#         65
  C:0A87H         LINE#         66
  C:0A8EH         LINE#         67
  C:0A95H         LINE#         68
  -------         ENDPROC       _PAINTERDRAWRECT
  -------         PROC          _PAINTERDRAWLINE
  D:0016H         SYMBOL        x0
  D:0017H         SYMBOL        y0
  D:0003H         SYMBOL        x1
  D:0019H         SYMBOL        y1
  D:001AH         SYMBOL        method
  -------         DO            
  D:001BH         SYMBOL        dx
  D:001CH         SYMBOL        dy
  D:001DH         SYMBOL        ds
  D:001EH         SYMBOL        i
  -------         ENDDO         
  C:0647H         LINE#         70
  C:064BH         LINE#         72
BL51 BANKED LINKER/LOCATER V5.11                                                      11/28/2010  23:05:35  PAGE 15


  C:064BH         LINE#         74
  C:0651H         LINE#         75
  C:0658H         LINE#         76
  C:0667H         LINE#         77
  C:066AH         LINE#         80
  C:066AH         LINE#         82
  C:0695H         LINE#         83
  C:0698H         LINE#         84
  -------         ENDPROC       _PAINTERDRAWLINE
  -------         PROC          _PAINTERDRAWNUMBER
  D:0036H         SYMBOL        num
  D:0005H         SYMBOL        x0
  D:0003H         SYMBOL        y0
  D:0039H         SYMBOL        method
  -------         DO            
  D:003AH         SYMBOL        y
  D:003BH         SYMBOL        x
  -------         DO            
  D:003CH         SYMBOL        curChar
  -------         ENDDO         
  -------         ENDDO         
  C:0327H         LINE#         88
  C:0329H         LINE#         90
  C:0329H         LINE#         92
  C:0331H         LINE#         94
  C:0341H         LINE#         95
  C:0341H         LINE#         96
  C:035EH         LINE#         97
  C:0363H         LINE#         98
  C:0386H         LINE#         100
  C:03A0H         LINE#         101
  C:03A4H         LINE#         102
  -------         ENDPROC       _PAINTERDRAWNUMBER
  -------         PROC          _PAINTERDRAWSTRING
  D:002CH         SYMBOL        num
  D:002FH         SYMBOL        length
  D:0030H         SYMBOL        x0
  D:0031H         SYMBOL        y0
  D:0032H         SYMBOL        method
  -------         DO            
  D:0033H         SYMBOL        x
  D:0034H         SYMBOL        y
  D:0035H         SYMBOL        i
  -------         ENDDO         
  C:077CH         LINE#         105
  C:0784H         LINE#         107
  C:0784H         LINE#         112
  C:079BH         LINE#         113
  C:079BH         LINE#         114
  C:07B5H         LINE#         115
  C:07BFH         LINE#         116
  -------         ENDPROC       _PAINTERDRAWSTRING
  -------         PROC          _PAINTERDRAWCURSOR
  D:005AH         SYMBOL        xc
  D:005BH         SYMBOL        yc
  D:005CH         SYMBOL        size
  D:005DH         SYMBOL        method
BL51 BANKED LINKER/LOCATER V5.11                                                      11/28/2010  23:05:35  PAGE 16


  C:08E8H         LINE#         119
  C:08EEH         LINE#         121
  C:08EEH         LINE#         123
  C:0902H         LINE#         125
  -------         ENDPROC       _PAINTERDRAWCURSOR
  -------         ENDMOD        PAINTER

  -------         MODULE        TIME_MANAGER
  C:0000H         SYMBOL        _ICE_DUMMY_
  D:0090H         PUBLIC        P1
  D:00B0H         PUBLIC        P3
  D:00A8H         PUBLIC        IE
  D:00B8H         PUBLIC        IP
  B:0090H.0       PUBLIC        BEEP
  C:000EH         PUBLIC        TMI_Refresh
  D:0098H         PUBLIC        SCON
  D:0088H         PUBLIC        TCON
  C:04E0H         PUBLIC        _TMI_GetRemainTime
  D:0048H         SYMBOL        g_bGraphLen
  I:00E6H         SYMBOL        g_bGraphMem
  C:0AD5H         PUBLIC        _TMI_Init
  C:0597H         PUBLIC        _TMI_GetCurrentTime
  D:0049H         PUBLIC        g_Mode
  D:004CH         PUBLIC        g_Time
  D:00C8H         PUBLIC        T2CON
  D:00D0H         PUBLIC        PSW
  -------         PROC          _TMI_INIT
  D:0001H         SYMBOL        pbGraphMem
  D:0005H         SYMBOL        bGraphLen
  D:0028H         SYMBOL        time
  D:002BH         SYMBOL        mode
  C:0AD5H         LINE#         15
  C:0AD5H         LINE#         16
  C:0AD5H         LINE#         18
  C:0ADFH         LINE#         19
  C:0AE1H         LINE#         22
  C:0AEAH         LINE#         25
  C:0AF3H         LINE#         28
  -------         ENDPROC       _TMI_INIT
  -------         PROC          TMI_REFRESH
  C:000EH         LINE#         31
  C:000EH         LINE#         32
  C:000EH         LINE#         34
  C:001CH         LINE#         35
  C:001CH         LINE#         36
  C:001FH         LINE#         37
  C:001FH         LINE#         39
  C:001FH         LINE#         40
  C:0022H         LINE#         42
  C:0022H         LINE#         45
  -------         ENDPROC       TMI_REFRESH
  -------         PROC          _TMI_GETCURRENTTIME
  D:0001H         SYMBOL        time
  C:0597H         LINE#         48
  C:0597H         LINE#         49
  C:0597H         LINE#         50
  C:059FH         LINE#         52
BL51 BANKED LINKER/LOCATER V5.11                                                      11/28/2010  23:05:35  PAGE 17


  C:05A9H         LINE#         53
  C:05A9H         LINE#         54
  C:05AFH         LINE#         55
  C:05B7H         LINE#         57
  C:05C1H         LINE#         58
  C:05C1H         LINE#         59
  C:05C7H         LINE#         60
  C:05CCH         LINE#         62
  C:05D2H         LINE#         63
  C:05D2H         LINE#         64
  C:05D9H         LINE#         65
  C:05E0H         LINE#         66
  C:05E4H         LINE#         68
  C:05E6H         LINE#         69
  C:05ECH         LINE#         70
  C:05EEH         LINE#         71
  C:05EEH         LINE#         72
  C:05EEH         LINE#         73
  C:05EEH         LINE#         76
  -------         ENDPROC       _TMI_GETCURRENTTIME
  -------         PROC          _TMI_GETREMAINTIME
  D:003DH         SYMBOL        time
  C:04E0H         LINE#         79
  C:04E6H         LINE#         80
  C:04E6H         LINE#         81
  C:04EEH         LINE#         82
  C:04EEH         LINE#         83
  C:04F6H         LINE#         84
  C:04F6H         LINE#         85
  C:04FBH         LINE#         86
  C:04FBH         LINE#         87
  C:04FDH         LINE#         88
  C:0503H         LINE#         89
  C:0505H         LINE#         90
  C:0505H         LINE#         91
  C:0510H         LINE#         92
  C:0518H         LINE#         93
  C:0518H         LINE#         94
  C:0526H         LINE#         95
  C:052EH         LINE#         96
  C:052EH         LINE#         97
  C:053CH         LINE#         100
  -------         ENDPROC       _TMI_GETREMAINTIME
  -------         ENDMOD        TIME_MANAGER

  -------         MODULE        COMMON_DEF
  C:0000H         SYMBOL        _ICE_DUMMY_
  D:0090H         PUBLIC        P1
  D:00B0H         PUBLIC        P3
  D:00A8H         PUBLIC        IE
  D:00B8H         PUBLIC        IP
  D:0098H         PUBLIC        SCON
  D:0088H         PUBLIC        TCON
  D:00C8H         PUBLIC        T2CON
  D:00D0H         PUBLIC        PSW
  C:0BA5H         PUBLIC        _sleep
  -------         PROC          _SLEEP
BL51 BANKED LINKER/LOCATER V5.11                                                      11/28/2010  23:05:35  PAGE 18


  D:0006H         SYMBOL        time
  -------         DO            
  D:0005H         SYMBOL        i
  -------         ENDDO         
  C:0BA5H         LINE#         12
  C:0BA5H         LINE#         13
  C:0BA5H         LINE#         16
  C:0BA5H         LINE#         17
  C:0BABH         LINE#         19
  C:0BB4H         LINE#         22
  -------         ENDPROC       _SLEEP
  -------         ENDMOD        COMMON_DEF

  -------         MODULE        GRAPHICS_DRIVER
  C:0000H         SYMBOL        _ICE_DUMMY_
  C:0A26H         PUBLIC        _SetCurrentLine
  D:0090H         PUBLIC        P1
  D:00A0H         PUBLIC        P2
  D:00B0H         PUBLIC        P3
  C:0A4FH         PUBLIC        GDI_Refresh
  D:00A8H         PUBLIC        IE
  D:00B8H         PUBLIC        IP
  B:00D0H.7       PUBLIC        CY
  B:00A0H.0       PUBLIC        LINE_EN
  B:00B0H.3       PUBLIC        RES_CLK
  C:0B55H         PUBLIC        _GDI_Init
  D:0098H         PUBLIC        SCON
  D:0088H         PUBLIC        TCON
  C:0AF4H         PUBLIC        _LineRefresh
  D:0063H         SYMBOL        g_bGraphLen
  I:00E9H         SYMBOL        g_bGraphMem
  C:0BD7H         SYMBOL        _?ix1000
  C:0918H         PUBLIC        GDI_DisFormat
  B:00A0H.4       PUBLIC        LINE_A
  B:00A0H.3       PUBLIC        LINE_B
  B:00A0H.2       PUBLIC        LINE_C
  B:00A0H.1       PUBLIC        LINE_D
  B:0090H.4       PUBLIC        RES_EN
  D:00C8H         PUBLIC        T2CON
  D:00D0H         PUBLIC        PSW
  C:05EFH         PUBLIC        _GDI_ByteMapping
  -------         PROC          _GDI_INIT
  D:0001H         SYMBOL        pbGraphMem
  D:0005H         SYMBOL        bGraphLen
  C:0B55H         LINE#         72
  C:0B55H         LINE#         73
  C:0B55H         LINE#         75
  C:0B57H         LINE#         78
  C:0B59H         LINE#         79
  C:0B5BH         LINE#         82
  C:0B65H         LINE#         83
  C:0B67H         LINE#         87
  C:0B6CH         LINE#         90
  -------         ENDPROC       _GDI_INIT
  -------         PROC          _GDI_BYTEMAPPING
  D:0026H         SYMBOL        bData
  -------         DO            
BL51 BANKED LINKER/LOCATER V5.11                                                      11/28/2010  23:05:35  PAGE 19


  D:0029H         SYMBOL        i
  D:002AH         SYMBOL        temp
  D:002BH         SYMBOL        shiftdata
  D:002CH         SYMBOL        maptable
  -------         ENDDO         
  C:05EFH         LINE#         117
  C:05F5H         LINE#         118
  C:05F5H         LINE#         119
  C:05F8H         LINE#         120
  C:05FBH         LINE#         121
  C:05FEH         LINE#         124
  C:060FH         LINE#         127
  C:060FH         LINE#         128
  C:0611H         LINE#         129
  C:0640H         LINE#         131
  C:0643H         LINE#         133
  C:0646H         LINE#         136
  -------         ENDPROC       _GDI_BYTEMAPPING
  -------         PROC          GDI_DISFORMAT
  -------         DO            
  D:0024H         SYMBOL        i
  -------         ENDDO         
  C:0918H         LINE#         154
  C:0918H         LINE#         155
  C:0918H         LINE#         158
  C:092AH         LINE#         159
  C:092AH         LINE#         160
  C:093DH         LINE#         161
  C:0947H         LINE#         164
  -------         ENDPROC       GDI_DISFORMAT
  -------         PROC          GDI_REFRESH
  -------         DO            
  D:0062H         SYMBOL        currentLine
  -------         ENDDO         
  C:0A4FH         LINE#         183
  C:0A4FH         LINE#         184
  C:0A4FH         LINE#         188
  C:0A6AH         LINE#         191
  C:0A71H         LINE#         192
  C:0A71H         LINE#         193
  C:0A74H         LINE#         194
  C:0A74H         LINE#         197
  -------         ENDPROC       GDI_REFRESH
  -------         PROC          _LINEREFRESH
  D:0001H         SYMBOL        bData
  D:003DH         SYMBOL        iCurrentLine
  C:0AF4H         LINE#         218
  C:0AF6H         LINE#         219
  C:0AF6H         LINE#         221
  C:0AF8H         LINE#         224
  C:0AFDH         LINE#         226
  C:0AFFH         LINE#         227
  C:0B01H         LINE#         228
  C:0B03H         LINE#         229
  C:0B05H         LINE#         232
  C:0B0AH         LINE#         235
  C:0B0CH         LINE#         238
BL51 BANKED LINKER/LOCATER V5.11                                                      11/28/2010  23:05:35  PAGE 20


  -------         ENDPROC       _LINEREFRESH
  -------         PROC          _SETCURRENTLINE
  D:0007H         SYMBOL        iCurrentLine
  C:0A26H         LINE#         256
  C:0A26H         LINE#         257
  C:0A26H         LINE#         258
  C:0A30H         LINE#         259
  C:0A3AH         LINE#         260
  C:0A44H         LINE#         261
  C:0A4EH         LINE#         264
  -------         ENDPROC       _SETCURRENTLINE
  -------         ENDMOD        GRAPHICS_DRIVER

  -------         MODULE        KEYBOARD_DRIVER
  C:0000H         SYMBOL        _ICE_DUMMY_
  D:0080H         PUBLIC        P0
  D:004FH         PUBLIC        ucLastPress
  D:0090H         PUBLIC        P1
  D:00B0H         PUBLIC        P3
  B:0020H.0       PUBLIC        bLongPress
  B:0020H.1       PUBLIC        bAllowLongPress
  D:00A8H         PUBLIC        IE
  D:00B8H         PUBLIC        IP
  D:0050H         PUBLIC        ucLowTime
  B:0020H.2       PUBLIC        bIsInDoubleClick
  B:0020H.3       PUBLIC        bDoubleClick
  D:0098H         PUBLIC        SCON
  D:0088H         PUBLIC        TCON
  C:08B6H         SYMBOL        JudgeChange
  C:0BB5H         PUBLIC        KDI_Scan
  D:0051H         PUBLIC        ucBBtn
  D:0052H         PUBLIC        ucCBtn
  D:0053H         PUBLIC        ucHighTimeBefore
  C:09A5H         PUBLIC        _KDI_GetCurrentKey
  C:0B6DH         PUBLIC        KDI_Init
  C:0841H         SYMBOL        GetKeyState
  C:06E5H         SYMBOL        CheckState
  D:00C8H         PUBLIC        T2CON
  D:0054H         PUBLIC        ucHighTime
  B:0020H.4       PUBLIC        bOneClick
  C:0977H         SYMBOL        JudgeNoChange
  D:00D0H         PUBLIC        PSW
  -------         PROC          KDI_INIT
  C:0B6DH         LINE#         31
  C:0B6DH         LINE#         32
  C:0B6DH         LINE#         33
  C:0B70H         LINE#         34
  C:0B72H         LINE#         35
  C:0B74H         LINE#         36
  C:0B76H         LINE#         37
  C:0B78H         LINE#         39
  C:0B7AH         LINE#         40
  C:0B7CH         LINE#         41
  C:0B7EH         LINE#         42
  C:0B80H         LINE#         43
  C:0B82H         LINE#         46
  -------         ENDPROC       KDI_INIT
BL51 BANKED LINKER/LOCATER V5.11                                                      11/28/2010  23:05:35  PAGE 21


  -------         PROC          KDI_SCAN
  C:0BB5H         LINE#         53
  C:0BB5H         LINE#         54
  C:0BB5H         LINE#         55
  C:0BB8H         LINE#         56
  C:0BBDH         LINE#         57
  C:0BBDH         LINE#         58
  C:0BC0H         LINE#         59
  C:0BC0H         LINE#         61
  C:0BC0H         LINE#         62
  C:0BC3H         LINE#         63
  C:0BC3H         LINE#         66
  -------         ENDPROC       KDI_SCAN
  -------         PROC          _KDI_GETCURRENTKEY
  D:0024H         SYMBOL        CurrentKey
  D:0027H         SYMBOL        KeyEvent
  -------         DO            
  D:002AH         SYMBOL        KeyInfo
  -------         ENDDO         
  C:09A5H         LINE#         72
  C:09ABH         LINE#         73
  C:09ABH         LINE#         76
  C:09BBH         LINE#         78
  C:09C6H         LINE#         79
  C:09D1H         LINE#         82
  -------         ENDPROC       _KDI_GETCURRENTKEY
  -------         PROC          CHECKSTATE
  C:06E5H         LINE#         90
  C:06E5H         LINE#         91
  C:06E5H         LINE#         93
  C:06E8H         LINE#         95
  C:0707H         LINE#         96
  C:0707H         LINE#         97
  C:0707H         LINE#         98
  C:070AH         LINE#         99
  C:070CH         LINE#         100
  C:070CH         LINE#         101
  C:070FH         LINE#         102
  C:0711H         LINE#         103
  C:0711H         LINE#         104
  C:0714H         LINE#         105
  C:0716H         LINE#         106
  C:0716H         LINE#         107
  C:0719H         LINE#         108
  C:071BH         LINE#         109
  C:071BH         LINE#         110
  C:071EH         LINE#         111
  C:0720H         LINE#         112
  C:0720H         LINE#         113
  C:0723H         LINE#         114
  C:0725H         LINE#         115
  C:0725H         LINE#         116
  C:0728H         LINE#         117
  C:072AH         LINE#         118
  C:072AH         LINE#         119
  C:072DH         LINE#         120
  C:072DH         LINE#         121
BL51 BANKED LINKER/LOCATER V5.11                                                      11/28/2010  23:05:35  PAGE 22


  C:072DH         LINE#         123
  C:0730H         LINE#         124
  -------         ENDPROC       CHECKSTATE
  -------         PROC          JUDGENOCHANGE
  C:0977H         LINE#         131
  C:0977H         LINE#         132
  C:0977H         LINE#         134
  C:097BH         LINE#         135
  C:097BH         LINE#         136
  C:097FH         LINE#         137
  C:097FH         LINE#         138
  C:0983H         LINE#         139
  C:0983H         LINE#         140
  C:0985H         LINE#         142
  C:0985H         LINE#         143
  C:0988H         LINE#         144
  C:0988H         LINE#         145
  C:098AH         LINE#         147
  C:098AH         LINE#         148
  C:098FH         LINE#         149
  C:098FH         LINE#         150
  C:0991H         LINE#         151
  C:0994H         LINE#         152
  C:0994H         LINE#         153
  C:0995H         LINE#         155
  C:0995H         LINE#         156
  C:0998H         LINE#         157
  C:099AH         LINE#         158
  C:099AH         LINE#         159
  C:099BH         LINE#         162
  C:099BH         LINE#         163
  C:099FH         LINE#         164
  C:099FH         LINE#         165
  C:09A1H         LINE#         166
  C:09A2H         LINE#         168
  C:09A2H         LINE#         169
  C:09A4H         LINE#         170
  C:09A4H         LINE#         171
  C:09A4H         LINE#         174
  -------         ENDPROC       JUDGENOCHANGE
  -------         PROC          JUDGECHANGE
  -------         DO            
  B:0021H.1       SYMBOL        bTempInDoubleClick
  -------         ENDDO         
  C:08B6H         LINE#         182
  C:08B6H         LINE#         183
  C:08B6H         LINE#         185
  C:08BAH         LINE#         186
  C:08BAH         LINE#         187
  C:08BDH         LINE#         188
  C:08C0H         LINE#         189
  C:08C1H         LINE#         191
  C:08C1H         LINE#         192
  C:08C5H         LINE#         193
  C:08C7H         LINE#         194
  C:08C9H         LINE#         195
  C:08CDH         LINE#         196
BL51 BANKED LINKER/LOCATER V5.11                                                      11/28/2010  23:05:35  PAGE 23


  C:08CDH         LINE#         197
  C:08D1H         LINE#         199
  C:08D1H         LINE#         201
  C:08D1H         LINE#         202
  C:08D4H         LINE#         203
  C:08D4H         LINE#         204
  C:08D8H         LINE#         205
  C:08D8H         LINE#         207
  C:08D8H         LINE#         208
  C:08DDH         LINE#         209
  C:08DDH         LINE#         210
  C:08E0H         LINE#         211
  C:08E0H         LINE#         213
  C:08E0H         LINE#         214
  C:08E2H         LINE#         215
  C:08E4H         LINE#         216
  C:08E5H         LINE#         218
  C:08E5H         LINE#         219
  C:08E7H         LINE#         220
  C:08E7H         LINE#         221
  C:08E7H         LINE#         224
  -------         ENDPROC       JUDGECHANGE
  -------         PROC          GETKEYSTATE
  -------         DO            
  D:002CH         SYMBOL        returnValue
  -------         ENDDO         
  C:0841H         LINE#         230
  C:0841H         LINE#         231
  C:0841H         LINE#         233
  C:0844H         LINE#         234
  C:0844H         LINE#         235
  C:0846H         LINE#         236
  C:0849H         LINE#         237
  C:0849H         LINE#         238
  C:084BH         LINE#         239
  C:084EH         LINE#         240
  C:084EH         LINE#         241
  C:0850H         LINE#         242
  C:0853H         LINE#         243
  C:0856H         LINE#         244
  C:0858H         LINE#         245
  C:085BH         LINE#         246
  C:085BH         LINE#         247
  C:085DH         LINE#         248
  C:0860H         LINE#         249
  C:0860H         LINE#         250
  C:0863H         LINE#         251
  C:0865H         LINE#         252
  C:0865H         LINE#         253
  C:0868H         LINE#         254
  C:086BH         LINE#         255
  C:086DH         LINE#         256
  C:086FH         LINE#         258
  C:086FH         LINE#         259
  C:0872H         LINE#         260
  C:0875H         LINE#         261
  C:0875H         LINE#         266
BL51 BANKED LINKER/LOCATER V5.11                                                      11/28/2010  23:05:35  PAGE 24


  C:087BH         LINE#         267
  -------         ENDPROC       GETKEYSTATE
  -------         ENDMOD        KEYBOARD_DRIVER

  -------         MODULE        SERIAL_DRIVER
  C:0000H         SYMBOL        _ICE_DUMMY_
  D:0090H         PUBLIC        P1
  D:00B0H         PUBLIC        P3
  D:0064H         SYMBOL        g_MemLen
  D:00A8H         PUBLIC        IE
  B:00A8H.4       PUBLIC        ES
  D:00B8H         PUBLIC        IP
  B:0098H.0       PUBLIC        RI
  B:0098H.1       PUBLIC        TI
  D:00CBH         PUBLIC        RCAP2H
  B:00B8H.4       PUBLIC        PS
  D:00CAH         PUBLIC        RCAP2L
  D:0099H         PUBLIC        SBUF
  D:0087H         PUBLIC        PCON
  D:0098H         PUBLIC        SCON
  D:0088H         PUBLIC        TCON
  C:0B83H         PUBLIC        _SerialRead
  I:00ECH         SYMBOL        g_SerialBuf
  D:00CDH         PUBLIC        TH2
  C:087CH         PUBLIC        _SerialWrite
  D:00CCH         PUBLIC        TL2
  B:00C8H.2       PUBLIC        TR2
  C:0803H         PUBLIC        _SerialInit
  B:0098H.4       PUBLIC        REN
  D:00C9H         PUBLIC        T2MOD
  D:00C8H         PUBLIC        T2CON
  D:0065H         SYMBOL        g_BufCursor
  C:0731H         PUBLIC        SerialRecv
  D:00D0H         PUBLIC        PSW
  -------         PROC          SERIALRECV
  C:0731H         LINE#         11
  C:0746H         LINE#         13
  C:0749H         LINE#         14
  C:0749H         LINE#         16
  C:074BH         LINE#         19
  C:0751H         LINE#         21
  C:0769H         LINE#         22
  C:0769H         LINE#         23
  -------         ENDPROC       SERIALRECV
  -------         PROC          _SERIALREAD
  D:0001H         SYMBOL        Buffer
  D:0005H         SYMBOL        BufLen
  C:0B83H         LINE#         25
  C:0B83H         LINE#         26
  C:0B83H         LINE#         28
  C:0B8FH         LINE#         29
  C:0B8FH         LINE#         30
  C:0B92H         LINE#         31
  C:0B92H         LINE#         33
  C:0B92H         LINE#         34
  C:0B94H         LINE#         35
  -------         ENDPROC       _SERIALREAD
BL51 BANKED LINKER/LOCATER V5.11                                                      11/28/2010  23:05:35  PAGE 25


  -------         PROC          _SERIALWRITE
  D:003EH         SYMBOL        pucString
  D:0005H         SYMBOL        ucLen
  -------         DO            
  D:0007H         SYMBOL        index
  D:0002H         SYMBOL        r
  -------         ENDDO         
  C:087CH         LINE#         38
  C:0882H         LINE#         39
  C:0882H         LINE#         43
  C:0889H         LINE#         44
  C:0889H         LINE#         45
  C:0899H         LINE#         48
  C:089DH         LINE#         49
  C:08A9H         LINE#         51
  C:08ABH         LINE#         52
  C:08AFH         LINE#         53
  C:08B1H         LINE#         54
  C:08B4H         LINE#         55
  C:08B5H         LINE#         56
  -------         ENDPROC       _SERIALWRITE
  -------         PROC          _SERIALINIT
  D:0001H         SYMBOL        pucSerialMem
  D:0005H         SYMBOL        ucMemLen
  B:0021H.0       SYMBOL        isMode0
  C:0803H         LINE#         59
  C:0803H         LINE#         60
  C:0803H         LINE#         61
  C:080DH         LINE#         62
  C:080FH         LINE#         63
  C:0812H         LINE#         65
  C:0815H         LINE#         66
  C:0815H         LINE#         67
  C:0818H         LINE#         68
  C:081AH         LINE#         69
  C:081CH         LINE#         70
  C:081DH         LINE#         72
  C:081DH         LINE#         78
  C:081FH         LINE#         79
  C:0821H         LINE#         81
  C:0824H         LINE#         82
  C:0826H         LINE#         83
  C:0829H         LINE#         84
  C:082CH         LINE#         86
  C:082FH         LINE#         87
  C:0832H         LINE#         89
  C:0835H         LINE#         90
  C:0838H         LINE#         92
  C:083AH         LINE#         93
  C:083CH         LINE#         94
  C:083EH         LINE#         95
  C:0840H         LINE#         96
  C:0840H         LINE#         99
  -------         ENDPROC       _SERIALINIT
  -------         ENDMOD        SERIAL_DRIVER

  -------         MODULE        ?C?COPY
BL51 BANKED LINKER/LOCATER V5.11                                                      11/28/2010  23:05:35  PAGE 26


  C:00F6H         PUBLIC        ?C?COPY
  -------         ENDMOD        ?C?COPY

  -------         MODULE        ?C?CLDPTR
  C:011CH         PUBLIC        ?C?CLDPTR
  -------         ENDMOD        ?C?CLDPTR

  -------         MODULE        ?C?CLDOPTR
  C:0135H         PUBLIC        ?C?CLDOPTR
  -------         ENDMOD        ?C?CLDOPTR

  -------         MODULE        ?C?CILDPTR
  C:0162H         PUBLIC        ?C?CILDPTR
  -------         ENDMOD        ?C?CILDPTR

  -------         MODULE        ?C?CILDOPTR
  C:0184H         PUBLIC        ?C?CILDOPTR
  -------         ENDMOD        ?C?CILDOPTR

  -------         MODULE        ?C?CSTPTR
  C:01B7H         PUBLIC        ?C?CSTPTR
  -------         ENDMOD        ?C?CSTPTR

  -------         MODULE        ?C?CSTOPTR
  C:01C9H         PUBLIC        ?C?CSTOPTR
  -------         ENDMOD        ?C?CSTOPTR

*** WARNING L16: UNCALLED SEGMENT, IGNORED FOR OVERLAY PROCESS
    SEGMENT: ?PR?PAINTERCLEARSCREEN?PAINTER

*** WARNING L16: UNCALLED SEGMENT, IGNORED FOR OVERLAY PROCESS
    SEGMENT: ?PR?_PAINTERDRAWRECT?PAINTER

*** WARNING L16: UNCALLED SEGMENT, IGNORED FOR OVERLAY PROCESS
    SEGMENT: ?PR?_PAINTERDRAWCURSOR?PAINTER

Program Size: data=238.2 xdata=0 code=3050
LINK/LOCATE RUN COMPLETE.  3 WARNING(S),  0 ERROR(S)
